// Jest Snapshot v1, https://goo.gl/fbAQLP

exports[`Result Snapshot Result rendered successfully 1`] = `
.c0 {
  display: -webkit-box;
  display: -webkit-flex;
  display: -ms-flexbox;
  display: flex;
  -webkit-flex-wrap: wrap;
  -ms-flex-wrap: wrap;
  flex-wrap: wrap;
  font-size: 20px;
  padding: 2%;
  border-radius: 20px;
  color: #232627;
  -webkit-box-pack: justify;
  -webkit-justify-content: space-between;
  -ms-flex-pack: justify;
  justify-content: space-between;
  background-color: #ededf2;
}

.c1 {
  width: auto;
}

.c2 {
  padding: 2% 0;
}

.c3 {
  width: auto;
  padding: 2%;
  margin: 20px auto;
  border-radius: 20px;
  background-color: #232627;
}

<div
  className="c0"
>
  <div
    className="c1"
  >
    <div
      className="c2"
      id="loanEmi"
    >
      Loan EMI: 
      ₹ 13,493
    </div>
    <div
      className="c2"
      id="totalInterest"
    >
      Total Interest Payable: 
      ₹ 6,19,220
    </div>
    <div
      className="c2"
      id="totalPayment"
    >
      Total Payment: 
      ₹ 16,19,220
    </div>
  </div>
  <div
    className="c3"
  />
</div>
`;
